annotation : @ㄱㄴㄷㄹㅁㅂㅅㅇㅈㅊㅋㅌㅍㅎㅏㅑㅓㅕㅗㅛㅜㅠㅡㅣㆎ한국일본가대베애케훠韓國日本伽佳假價禧稀羲詰(ㄱㄴㄷㄹㅁㅂㅅㅇㅈㅊㅋㅌㅍㅎㅏㅑㅓㅕㅗㅛㅜㅠㅡㅣㆎ한국일본가대베애케훠韓國日本伽佳假價禧稀羲詰_1=1234567890, ㄱㄴㄷㄹㅁㅂㅅㅇㅈㅊㅋㅌㅍㅎㅏㅑㅓㅕㅗㅛㅜㅠㅡㅣㆎ한국일본가대베애케훠韓國日本伽佳假價禧稀羲詰_2="\u3131\u3134\u3137\u3139\u3141\u3142\u3145\u3147\u3148\u314a\u314b\u314c\u314d\u314e\u314f\u3151\u3153\u3155\u3157\u315b\u315c\u3160\u3161\u3163\u318e\ud55c\uad6d\uc77c\ubcf8\uac00\ub300\ubca0\uc560\ucf00\ud6e0\u97d3\u570b\u65e5\u672c\u4f3d\u4f73\u5047\u50f9\u79a7\u7a00\u7fb2\u8a70")
kind: CLASS
modifier: [public]
type: AnnotatedTest
element: AnnotatedTest

annotation : @ㄱㄴㄷㄹㅁㅂㅅㅇㅈㅊㅋㅌㅍㅎㅏㅑㅓㅕㅗㅛㅜㅠㅡㅣㆎ한국일본가대베애케훠韓國日本伽佳假價禧稀羲詰_constructor("\u3131\u3134\u3137\u3139\u3141\u3142\u3145\u3147\u3148\u314a\u314b\u314c\u314d\u314e\u314f\u3151\u3153\u3155\u3157\u315b\u315c\u3160\u3161\u3163\u318e\ud55c\uad6d\uc77c\ubcf8\uac00\ub300\ubca0\uc560\ucf00\ud6e0\u97d3\u570b\u65e5\u672c\u4f3d\u4f73\u5047\u50f9\u79a7\u7a00\u7fb2\u8a70")
kind: CONSTRUCTOR
modifier: [public]
type: ()void
element: AnnotatedTest()

annotation : @ㄱㄴㄷㄹㅁㅂㅅㅇㅈㅊㅋㅌㅍㅎㅏㅑㅓㅕㅗㅛㅜㅠㅡㅣㆎ한국일본가대베애케훠韓國日本伽佳假價禧稀羲詰_field("\u3131\u3134\u3137\u3139\u3141\u3142\u3145\u3147\u3148\u314a\u314b\u314c\u314d\u314e\u314f\u3151\u3153\u3155\u3157\u315b\u315c\u3160\u3161\u3163\u318e\ud55c\uad6d\uc77c\ubcf8\uac00\ub300\ubca0\uc560\ucf00\ud6e0\u97d3\u570b\u65e5\u672c\u4f3d\u4f73\u5047\u50f9\u79a7\u7a00\u7fb2\u8a70_1")
kind: FIELD
modifier: [public]
type: java.lang.String
element: ㄱㄴㄷㄹㅁㅂㅅㅇㅈㅊㅋㅌㅍㅎㅏㅑㅓㅕㅗㅛㅜㅠㅡㅣㆎ한국일본가대베애케훠韓國日本伽佳假價禧稀羲詰_1

annotation : @ㄱㄴㄷㄹㅁㅂㅅㅇㅈㅊㅋㅌㅍㅎㅏㅑㅓㅕㅗㅛㅜㅠㅡㅣㆎ한국일본가대베애케훠韓國日本伽佳假價禧稀羲詰_field("\u3131\u3134\u3137\u3139\u3141\u3142\u3145\u3147\u3148\u314a\u314b\u314c\u314d\u314e\u314f\u3151\u3153\u3155\u3157\u315b\u315c\u3160\u3161\u3163\u318e\ud55c\uad6d\uc77c\ubcf8\uac00\ub300\ubca0\uc560\ucf00\ud6e0\u97d3\u570b\u65e5\u672c\u4f3d\u4f73\u5047\u50f9\u79a7\u7a00\u7fb2\u8a70_2")
kind: FIELD
modifier: [public]
type: int
element: ㄱㄴㄷㄹㅁㅂㅅㅇㅈㅊㅋㅌㅍㅎㅏㅑㅓㅕㅗㅛㅜㅠㅡㅣㆎ한국일본가대베애케훠韓國日本伽佳假價禧稀羲詰_2

annotation : @ㄱㄴㄷㄹㅁㅂㅅㅇㅈㅊㅋㅌㅍㅎㅏㅑㅓㅕㅗㅛㅜㅠㅡㅣㆎ한국일본가대베애케훠韓國日本伽佳假價禧稀羲詰_method("\u3131\u3134\u3137\u3139\u3141\u3142\u3145\u3147\u3148\u314a\u314b\u314c\u314d\u314e\u314f\u3151\u3153\u3155\u3157\u315b\u315c\u3160\u3161\u3163\u318e\ud55c\uad6d\uc77c\ubcf8\uac00\ub300\ubca0\uc560\ucf00\ud6e0\u97d3\u570b\u65e5\u672c\u4f3d\u4f73\u5047\u50f9\u79a7\u7a00\u7fb2\u8a70_1")
kind: METHOD
modifier: [public]
type: ()void
element: ㄱㄴㄷㄹㅁㅂㅅㅇㅈㅊㅋㅌㅍㅎㅏㅑㅓㅕㅗㅛㅜㅠㅡㅣㆎ한국일본가대베애케훠韓國日本伽佳假價禧稀羲詰_1()

annotation : @ㄱㄴㄷㄹㅁㅂㅅㅇㅈㅊㅋㅌㅍㅎㅏㅑㅓㅕㅗㅛㅜㅠㅡㅣㆎ한국일본가대베애케훠韓國日本伽佳假價禧稀羲詰_method("\u3131\u3134\u3137\u3139\u3141\u3142\u3145\u3147\u3148\u314a\u314b\u314c\u314d\u314e\u314f\u3151\u3153\u3155\u3157\u315b\u315c\u3160\u3161\u3163\u318e\ud55c\uad6d\uc77c\ubcf8\uac00\ub300\ubca0\uc560\ucf00\ud6e0\u97d3\u570b\u65e5\u672c\u4f3d\u4f73\u5047\u50f9\u79a7\u7a00\u7fb2\u8a70_2")
kind: METHOD
modifier: [public]
type: ()void
element: ㄱㄴㄷㄹㅁㅂㅅㅇㅈㅊㅋㅌㅍㅎㅏㅑㅓㅕㅗㅛㅜㅠㅡㅣㆎ한국일본가대베애케훠韓國日本伽佳假價禧稀羲詰_2()

