Compiled from "AnnotatedTest.java"
public class AnnotatedTest {
  public java.lang.String ㄱㄴㄷㄹㅁㅂㅅㅇㅈㅊㅋㅌㅍㅎㅏㅑㅓㅕㅗㅛㅜㅠㅡㅣㆎ한국일본가대베애케훠韓國日本伽佳假價禧稀羲詰_1;
  public int ㄱㄴㄷㄹㅁㅂㅅㅇㅈㅊㅋㅌㅍㅎㅏㅑㅓㅕㅗㅛㅜㅠㅡㅣㆎ한국일본가대베애케훠韓國日本伽佳假價禧稀羲詰_2;
  public AnnotatedTest();
  public void ㄱㄴㄷㄹㅁㅂㅅㅇㅈㅊㅋㅌㅍㅎㅏㅑㅓㅕㅗㅛㅜㅠㅡㅣㆎ한국일본가대베애케훠韓國日本伽佳假價禧稀羲詰_1();
  public void ㄱㄴㄷㄹㅁㅂㅅㅇㅈㅊㅋㅌㅍㅎㅏㅑㅓㅕㅗㅛㅜㅠㅡㅣㆎ한국일본가대베애케훠韓國日本伽佳假價禧稀羲詰_2();
}
