Compiled from "AnnotatedTest.java"
public class AnnotatedTest {
  public java.lang.String 漢字表示能力カナｶﾅＫａｎａKana記号￥￠￡外字丨昻外字ⅠⅡ_1;
  public int 漢字表示能力カナｶﾅＫａｎａKana記号￥￠￡外字丨昻外字ⅠⅡ_2;
  public AnnotatedTest();
  public void 漢字表示能力カナｶﾅＫａｎａKana記号￥￠￡外字丨昻外字ⅠⅡ_1();
  public void 漢字表示能力カナｶﾅＫａｎａKana記号￥￠￡外字丨昻外字ⅠⅡ_2();
}
